Nov-19 10:08:53.630 [main] DEBUG nextflow.cli.Launcher - $> nextflow run main.nf -profile singularity,local
Nov-19 10:08:53.797 [main] DEBUG nextflow.cli.CmdRun - N E X T F L O W  ~  version 25.04.6
Nov-19 10:08:53.848 [main] DEBUG nextflow.plugin.PluginsFacade - Setting up plugin manager > mode=prod; embedded=false; plugins-dir=/usr4/bf527/agover11/.nextflow/plugins; core-plugins: nf-amazon@2.15.0,nf-azure@1.16.0,nf-cloudcache@0.4.3,nf-codecommit@0.2.3,nf-console@1.2.1,nf-google@1.21.1,nf-k8s@1.0.0,nf-tower@1.11.4,nf-wave@1.12.1
Nov-19 10:08:53.877 [main] INFO  o.pf4j.DefaultPluginStatusProvider - Enabled plugins: []
Nov-19 10:08:53.878 [main] INFO  o.pf4j.DefaultPluginStatusProvider - Disabled plugins: []
Nov-19 10:08:53.881 [main] INFO  org.pf4j.DefaultPluginManager - PF4J version 3.12.0 in 'deployment' mode
Nov-19 10:08:53.891 [main] INFO  org.pf4j.AbstractPluginManager - No plugins
Nov-19 10:08:53.910 [main] DEBUG nextflow.config.ConfigBuilder - Found config local: /projectnb/bf528/students/agover11/single-cell-setup-agover11/nextflow.config
Nov-19 10:08:53.912 [main] DEBUG nextflow.config.ConfigBuilder - Parsing config file: /projectnb/bf528/students/agover11/single-cell-setup-agover11/nextflow.config
Nov-19 10:08:53.942 [main] DEBUG n.secret.LocalSecretsProvider - Secrets store: /usr4/bf527/agover11/.nextflow/secrets/store.json
Nov-19 10:08:53.945 [main] DEBUG nextflow.secret.SecretsLoader - Discovered secrets providers: [nextflow.secret.LocalSecretsProvider@a7f0ab6] - activable => nextflow.secret.LocalSecretsProvider@a7f0ab6
Nov-19 10:08:53.951 [main] DEBUG nextflow.config.ConfigBuilder - Applying config profile: `singularity,local`
Nov-19 10:08:54.474 [main] DEBUG nextflow.config.ConfigBuilder - Available config profiles: [cluster, conda, singularity, local]
Nov-19 10:08:54.507 [main] DEBUG nextflow.cli.CmdRun - Applied DSL=2 by global default
Nov-19 10:08:54.523 [main] DEBUG nextflow.cli.CmdRun - Launching `main.nf` [festering_darwin] DSL2 - revision: 42d42e4db7
Nov-19 10:08:54.524 [main] DEBUG nextflow.plugin.PluginsFacade - Plugins default=[]
Nov-19 10:08:54.524 [main] DEBUG nextflow.plugin.PluginsFacade - Plugins resolved requirement=[]
Nov-19 10:08:54.576 [main] DEBUG nextflow.Session - Session UUID: 3087eec5-14bd-42e3-bbff-77de9923f7fc
Nov-19 10:08:54.577 [main] DEBUG nextflow.Session - Run name: festering_darwin
Nov-19 10:08:54.578 [main] DEBUG nextflow.Session - Executor pool size: 32
Nov-19 10:08:54.586 [main] DEBUG nextflow.file.FilePorter - File porter settings maxRetries=3; maxTransfers=50; pollTimeout=null
Nov-19 10:08:54.591 [main] DEBUG nextflow.util.ThreadPoolBuilder - Creating thread pool 'FileTransfer' minSize=10; maxSize=96; workQueue=LinkedBlockingQueue[-1]; allowCoreThreadTimeout=false
Nov-19 10:08:54.699 [main] DEBUG nextflow.cli.CmdRun - 
  Version: 25.04.6 build 5954
  Created: 01-07-2025 11:27 UTC (07:27 EDT)
  System: Linux 4.18.0-553.70.1.el8_10.x86_64
  Runtime: Groovy 4.0.26 on OpenJDK 64-Bit Server VM 23.0.2-internal-adhoc.conda.src
  Encoding: UTF-8 (UTF-8)
  Process: 2804817@scc-ge2 [192.168.20.230]
  CPUs: 32 - Mem: 187 GB (15.2 GB) - Swap: 8 GB (7.8 GB)
Nov-19 10:08:54.803 [main] DEBUG nextflow.Session - Work-dir: /projectnb/bf528/students/agover11/single-cell-setup-agover11/work [nfs]
Nov-19 10:08:54.805 [main] DEBUG nextflow.Session - Script base path does not exist or is not a directory: /projectnb/bf528/students/agover11/single-cell-setup-agover11/bin
Nov-19 10:08:54.819 [main] DEBUG nextflow.executor.ExecutorFactory - Extension executors providers=[]
Nov-19 10:08:54.828 [main] DEBUG nextflow.Session - Observer factory: DefaultObserverFactory
Nov-19 10:08:54.833 [main] DEBUG nextflow.Session - Observer factory (v2): LinObserverFactory
Nov-19 10:08:54.860 [main] DEBUG nextflow.cache.CacheFactory - Using Nextflow cache factory: nextflow.cache.DefaultCacheFactory
Nov-19 10:08:54.871 [main] DEBUG nextflow.util.CustomThreadPool - Creating default thread pool > poolSize: 33; maxThreads: 1000
Nov-19 10:08:54.993 [main] DEBUG nextflow.Session - Session start
Nov-19 10:08:55.163 [main] DEBUG nextflow.script.ScriptRunner - > Launching execution
Nov-19 10:08:55.578 [main] DEBUG nextflow.executor.ExecutorFactory - << taskConfig executor: local
Nov-19 10:08:55.579 [main] DEBUG nextflow.executor.ExecutorFactory - >> processorType: 'local'
Nov-19 10:08:55.586 [main] DEBUG nextflow.executor.Executor - [warm up] executor > local
Nov-19 10:08:55.594 [main] DEBUG n.processor.LocalPollingMonitor - Creating local task monitor for executor 'local' > cpus=1; memory=187 GB; capacity=32; pollInterval=100ms; dumpInterval=5m
Nov-19 10:08:55.597 [main] DEBUG n.processor.TaskPollingMonitor - >>> barrier register (monitor: local)
Nov-19 10:08:55.622 [main] DEBUG nextflow.processor.TaskProcessor - Creating process 'DOWNLOAD_BAM': maxForks=0; fair=false; array=0
Nov-19 10:08:55.666 [main] DEBUG nextflow.executor.ExecutorFactory - << taskConfig executor: local
Nov-19 10:08:55.666 [main] DEBUG nextflow.executor.ExecutorFactory - >> processorType: 'local'
Nov-19 10:08:55.667 [main] DEBUG nextflow.processor.TaskProcessor - Creating process 'BAM_CONVERT': maxForks=0; fair=false; array=0
Nov-19 10:08:55.676 [main] DEBUG nextflow.executor.ExecutorFactory - << taskConfig executor: local
Nov-19 10:08:55.676 [main] DEBUG nextflow.executor.ExecutorFactory - >> processorType: 'local'
Nov-19 10:08:55.677 [main] DEBUG nextflow.processor.TaskProcessor - Creating process 'CELLRANGER_COUNT': maxForks=0; fair=false; array=0
Nov-19 10:08:55.680 [main] DEBUG nextflow.Session - Workflow process names [dsl2]: CELLRANGER_COUNT, BAM_CONVERT, DOWNLOAD_BAM
Nov-19 10:08:55.682 [main] DEBUG nextflow.Session - Igniting dataflow network (4)
Nov-19 10:08:55.693 [main] DEBUG nextflow.processor.TaskProcessor - Starting process > DOWNLOAD_BAM
Nov-19 10:08:55.694 [main] DEBUG nextflow.processor.TaskProcessor - Starting process > BAM_CONVERT
Nov-19 10:08:55.695 [main] DEBUG nextflow.processor.TaskProcessor - Starting process > CELLRANGER_COUNT
Nov-19 10:08:55.696 [main] DEBUG nextflow.script.ScriptRunner - Parsed script files:
  Script_372572d72b577376: /projectnb/bf528/students/agover11/single-cell-setup-agover11/modules/bam_convert/main.nf
  Script_7bd2e1f88feb4a0c: /projectnb/bf528/students/agover11/single-cell-setup-agover11/modules/counts_matrix/main.nf
  Script_3f9d434142fdb2ab: /projectnb/bf528/students/agover11/single-cell-setup-agover11/main.nf
  Script_5e1a4e9d91eb4316: /projectnb/bf528/students/agover11/single-cell-setup-agover11/modules/download_bam/main.nf
Nov-19 10:08:55.696 [main] DEBUG nextflow.script.ScriptRunner - > Awaiting termination 
Nov-19 10:08:55.696 [main] DEBUG nextflow.Session - Session await
Nov-19 10:08:55.890 [Actor Thread 12] INFO  nextflow.processor.TaskProcessor - [39/cea571] Cached process > DOWNLOAD_BAM (2)
Nov-19 10:08:55.890 [Actor Thread 10] INFO  nextflow.processor.TaskProcessor - [6f/7ea498] Cached process > DOWNLOAD_BAM (1)
Nov-19 10:08:55.938 [Actor Thread 23] DEBUG nextflow.container.SingularityCache - Singularity found local store for image=docker://ghcr.io/bf528/cellranger:latest; path=/projectnb/bf528/students/agover11/single-cell-setup-agover11/work/singularity/ghcr.io-bf528-cellranger-latest.img
Nov-19 10:08:55.950 [Actor Thread 20] INFO  nextflow.processor.TaskProcessor - [92/1392f8] Cached process > BAM_CONVERT (2)
Nov-19 10:08:55.950 [Actor Thread 18] INFO  nextflow.processor.TaskProcessor - [02/9f9607] Cached process > BAM_CONVERT (1)
Nov-19 10:08:55.969 [Actor Thread 29] INFO  nextflow.processor.TaskProcessor - [0f/2fd365] Cached process > CELLRANGER_COUNT (2)
Nov-19 10:08:55.969 [Actor Thread 27] INFO  nextflow.processor.TaskProcessor - [c1/bf63a1] Cached process > CELLRANGER_COUNT (1)
Nov-19 10:08:56.002 [Actor Thread 18] DEBUG nextflow.util.ThreadPoolBuilder - Creating thread pool 'PublishDir' minSize=10; maxSize=96; workQueue=LinkedBlockingQueue[-1]; allowCoreThreadTimeout=false
Nov-19 10:08:56.007 [main] DEBUG nextflow.Session - Session await > all processes finished
Nov-19 10:08:56.103 [Task monitor] DEBUG n.processor.TaskPollingMonitor - <<< barrier arrives (monitor: local) - terminating tasks monitor poll loop
Nov-19 10:08:56.104 [main] DEBUG nextflow.Session - Session await > all barriers passed
Nov-19 10:09:01.115 [main] INFO  nextflow.util.ThreadPoolHelper - Waiting for file transfers to complete (3 files)
Nov-19 10:10:01.126 [main] DEBUG nextflow.util.ThreadPoolHelper - Waiting for file transfers to complete (3 files)
Nov-19 10:11:07.299 [main] DEBUG nextflow.util.ThreadPoolHelper - Waiting for file transfers to complete (2 files)
Nov-19 10:11:38.970 [main] DEBUG nextflow.util.ThreadPoolManager - Thread pool 'PublishDir' shutdown completed (hard=false)
Nov-19 10:11:39.040 [main] DEBUG n.trace.WorkflowStatsObserver - Workflow completed > WorkflowStats[succeededCount=0; failedCount=0; ignoredCount=0; cachedCount=6; pendingCount=0; submittedCount=0; runningCount=0; retriesCount=0; abortedCount=0; succeedDuration=0ms; failedDuration=0ms; cachedDuration=14h 45m 41s;loadCpus=0; loadMemory=0; peakRunning=0; peakCpus=0; peakMemory=0; ]
Nov-19 10:11:39.212 [main] DEBUG nextflow.cache.CacheDB - Closing CacheDB done
Nov-19 10:11:39.235 [main] DEBUG nextflow.util.ThreadPoolManager - Thread pool 'FileTransfer' shutdown completed (hard=false)
Nov-19 10:11:39.236 [main] DEBUG nextflow.script.ScriptRunner - > Execution complete -- Goodbye
